// Jest Snapshot v1, https://goo.gl/fbAQLP

exports[`ItemBox renders correctly 1`] = `
"<div style={{...}}>
  <img src=\\"assets/undefined\\" alt=\\"itemundefined\\" />
</div>"
`;
