// Jest Snapshot v1, https://goo.gl/fbAQLP

exports[`App renders correctly 1`] = `
"<div style={{...}}>
  <Header cartCounter={0} />
  <Store reserveItem={[Function]} />
  <SAlert stack={{...}} timeout={3000} position=\\"bottom-right\\" />
</div>"
`;
